
> iconic-academy@0.1.0 build
> next build

Γû▓ Next.js 16.1.7 (Turbopack)
- Environments: .env.local

node.exe : 
At line:1 char:1
+ & "C:\Program Files\nodejs/node.exe" "C:\Program 
Files\nodejs/node_mo ...
+ ~~~~~~~~~~~~~~~~~~~~~~~~~~~~~~~~~~~~~~~~~~~~~~~~~~~
~~~~~~~~~~~~~~~~~~
    + CategoryInfo          : NotSpecified: (:String 
   ) [], RemoteException
    + FullyQualifiedErrorId : NativeCommandError
 
> Build error occurred
Error: Ambiguous app routes detected:

Ambiguous route pattern 
"/dashboard/subjects/[*]/[*]/[*]" matches multiple 
routes:
  - /dashboard/subjects/[slug]/[unit]/[lesson]
  - 
/dashboard/subjects/[subjectId]/[unitId]/[lessonId]

These routes cannot be distinguished from each other 
when matching URLs. Please ensure that dynamic 
segments have unique patterns or use different 
static segments.
    at ignore-listed frames
